Приложение запущено без интерактивной консоли
Ошибка подключения к базе данных
Подключение к БД успешно

Доступные таблицы: users, orders, order_items, products

1. SELECT ALL
2. SELECT WHERE
3. INSERT в таблицу
4. INSERT заказ
5. UPDATE записи
0. Выход

1 | Katya | katya@example.com | 25 | Amsterdam
2 | Anna | anna@example.com | 22 | Rotterdam
3 | Maria | maria@example.com | 30 | Utrecht
4 | Ivan | ivan@example.com | 28 | Haarlem
5 | Olga | olga@example.com | 35 | Groningen
6 | Peter | peter@example.com | 27 | Eindhoven
7 | Lena | lena@example.com | 24 | Leiden
8 | John | john@example.com | 32 | Maastricht

Доступные таблицы: users, orders, order_items, products

1. SELECT ALL
2. SELECT WHERE
3. INSERT в таблицу
4. INSERT заказ
5. UPDATE записи
0. Выход

Неверный логин или пароль
Подключение к БД успешно

Доступные таблицы: users, orders, order_items, products

1. SELECT ALL
2. SELECT WHERE
3. INSERT в таблицу
4. INSERT заказ
5. UPDATE записи
0. Выход

1 | Katya | katya@example.com | 25 | Amsterdam

Доступные таблицы: users, orders, order_items, products

1. SELECT ALL
2. SELECT WHERE
3. INSERT в таблицу
4. INSERT заказ
5. UPDATE записи
0. Выход

Обновлено строк: 1

Доступные таблицы: users, orders, order_items, products

1. SELECT ALL
2. SELECT WHERE
3. INSERT в таблицу
4. INSERT заказ
5. UPDATE записи
0. Выход

2 | Anna | anna@example.com | 22 | Rotterdam
3 | Maria | maria@example.com | 30 | Utrecht
4 | Ivan | ivan@example.com | 28 | Haarlem
5 | Olga | olga@example.com | 35 | Groningen
6 | Peter | peter@example.com | 27 | Eindhoven
7 | Lena | lena@example.com | 24 | Leiden
8 | John | john@example.com | 32 | Maastricht
1 | Katya | katya@example.com | 25 | Rotterdam

Доступные таблицы: users, orders, order_items, products

1. SELECT ALL
2. SELECT WHERE
3. INSERT в таблицу
4. INSERT заказ
5. UPDATE записи
0. Выход

Добавлено строк: 1

Доступные таблицы: users, orders, order_items, products

1. SELECT ALL
2. SELECT WHERE
3. INSERT в таблицу
4. INSERT заказ
5. UPDATE записи
0. Выход

Неверный выбор

Доступные таблицы: users, orders, order_items, products

1. SELECT ALL
2. SELECT WHERE
3. INSERT в таблицу
4. INSERT заказ
5. UPDATE записи
0. Выход

2 | Anna | anna@example.com | 22 | Rotterdam
3 | Maria | maria@example.com | 30 | Utrecht
4 | Ivan | ivan@example.com | 28 | Haarlem
5 | Olga | olga@example.com | 35 | Groningen
6 | Peter | peter@example.com | 27 | Eindhoven
7 | Lena | lena@example.com | 24 | Leiden
8 | John | john@example.com | 32 | Maastricht
1 | Katya | katya@example.com | 25 | Rotterdam
34 | test | test | 10 | test

Доступные таблицы: users, orders, order_items, products

1. SELECT ALL
2. SELECT WHERE
3. INSERT в таблицу
4. INSERT заказ
5. UPDATE записи
0. Выход

Подключение к БД успешно

Доступные таблицы: users, orders, order_items, products

1. SELECT ALL
2. SELECT WHERE
3. INSERT в таблицу
4. INSERT заказ
5. UPDATE записи
0. Выход

1 | Katya | katya@example.com | 25 | Amsterdam
2 | Anna | anna@example.com | 22 | Rotterdam
3 | Maria | maria@example.com | 30 | Utrecht
4 | Ivan | ivan@example.com | 28 | Haarlem
5 | Olga | olga@example.com | 35 | Groningen
6 | Peter | peter@example.com | 27 | Eindhoven
7 | Lena | lena@example.com | 24 | Leiden
8 | John | john@example.com | 32 | Maastricht

Доступные таблицы: users, orders, order_items, products

1. SELECT ALL
2. SELECT WHERE
3. INSERT в таблицу
4. INSERT заказ
5. UPDATE записи
0. Выход

Добавлено строк: 1

Доступные таблицы: users, orders, order_items, products

1. SELECT ALL
2. SELECT WHERE
3. INSERT в таблицу
4. INSERT заказ
5. UPDATE записи
0. Выход

1 | Katya | katya@example.com | 25 | Amsterdam
2 | Anna | anna@example.com | 22 | Rotterdam
3 | Maria | maria@example.com | 30 | Utrecht
4 | Ivan | ivan@example.com | 28 | Haarlem
5 | Olga | olga@example.com | 35 | Groningen
6 | Peter | peter@example.com | 27 | Eindhoven
7 | Lena | lena@example.com | 24 | Leiden
8 | John | john@example.com | 32 | Maastricht
9 | test | test | 10 | test

Доступные таблицы: users, orders, order_items, products

1. SELECT ALL
2. SELECT WHERE
3. INSERT в таблицу
4. INSERT заказ
5. UPDATE записи
0. Выход


Товар #1

Товар #2
Заказ создан, id=9

Доступные таблицы: users, orders, order_items, products

1. SELECT ALL
2. SELECT WHERE
3. INSERT в таблицу
4. INSERT заказ
5. UPDATE записи
0. Выход

1 | 1 | 2026-06-01
2 | 2 | 2026-06-02
3 | 3 | 2026-06-03
4 | 4 | 2026-06-04
5 | 5 | 2026-06-05
6 | 6 | 2026-06-06
7 | 7 | 2026-06-07
8 | 8 | 2026-06-08
9 | 1 | 2026-06-10

Доступные таблицы: users, orders, order_items, products

1. SELECT ALL
2. SELECT WHERE
3. INSERT в таблицу
4. INSERT заказ
5. UPDATE записи
0. Выход

1 | 1 | 1 | 2 | 500
2 | 1 | 4 | 1 | 150
3 | 2 | 2 | 1 | 1500
4 | 2 | 5 | 2 | 250
5 | 3 | 3 | 1 | 800
6 | 3 | 1 | 1 | 500
7 | 4 | 4 | 3 | 150
8 | 5 | 2 | 2 | 1500
9 | 5 | 5 | 1 | 250
10 | 6 | 6 | 2 | 80
11 | 6 | 7 | 1 | 120
12 | 7 | 8 | 3 | 25
13 | 8 | 1 | 1 | 500
14 | 8 | 3 | 2 | 800
15 | 9 | 1 | 2 | 500
16 | 9 | 2 | 1 | 1500

Доступные таблицы: users, orders, order_items, products

1. SELECT ALL
2. SELECT WHERE
3. INSERT в таблицу
4. INSERT заказ
5. UPDATE записи
0. Выход

Добавлено строк: 3

Доступные таблицы: users, orders, order_items, products

1. SELECT ALL
2. SELECT WHERE
3. INSERT в таблицу
4. INSERT заказ
5. UPDATE записи
0. Выход

1 | Katya | katya@example.com | 25 | Amsterdam
2 | Anna | anna@example.com | 22 | Rotterdam
3 | Maria | maria@example.com | 30 | Utrecht
4 | Ivan | ivan@example.com | 28 | Haarlem
5 | Olga | olga@example.com | 35 | Groningen
6 | Peter | peter@example.com | 27 | Eindhoven
7 | Lena | lena@example.com | 24 | Leiden
8 | John | john@example.com | 32 | Maastricht
9 | test | test | 10 | test
10 | lol | kek | 15 | lolo
11 | wow | lala | 102 | dkls
12 | pepe | popo | 102 | pepep

Доступные таблицы: users, orders, order_items, products

1. SELECT ALL
2. SELECT WHERE
3. INSERT в таблицу
4. INSERT заказ
5. UPDATE записи
0. Выход

Приложение запущено без интерактивной консоли
Ошибка подключения к базе данных
Подключение к БД успешно

Доступные таблицы: users, orders, order_items, products

1. SELECT ALL
2. SELECT WHERE
3. SELECT WHERE (несколько условий)
4. INSERT в таблицу
5. INSERT заказ
6. UPDATE запись
7. UPDATE несколько записей
0. Выход

1 | Katya | katya@example.com | 25 | Amsterdam
2 | Anna | anna@example.com | 22 | Rotterdam
3 | Maria | maria@example.com | 30 | Utrecht
4 | Ivan | ivan@example.com | 28 | Haarlem
5 | Olga | olga@example.com | 35 | Groningen
6 | Peter | peter@example.com | 27 | Eindhoven
7 | Lena | lena@example.com | 24 | Leiden
8 | John | john@example.com | 32 | Maastricht

Доступные таблицы: users, orders, order_items, products

1. SELECT ALL
2. SELECT WHERE
3. SELECT WHERE (несколько условий)
4. INSERT в таблицу
5. INSERT заказ
6. UPDATE запись
7. UPDATE несколько записей
0. Выход

Ошибка выполнения SELECT WHERE

Доступные таблицы: users, orders, order_items, products

1. SELECT ALL
2. SELECT WHERE
3. SELECT WHERE (несколько условий)
4. INSERT в таблицу
5. INSERT заказ
6. UPDATE запись
7. UPDATE несколько записей
0. Выход

2 | Anna | anna@example.com | 22 | Rotterdam

Доступные таблицы: users, orders, order_items, products

1. SELECT ALL
2. SELECT WHERE
3. SELECT WHERE (несколько условий)
4. INSERT в таблицу
5. INSERT заказ
6. UPDATE запись
7. UPDATE несколько записей
0. Выход


Доступные таблицы: users, orders, order_items, products

1. SELECT ALL
2. SELECT WHERE
3. SELECT WHERE (несколько условий)
4. INSERT в таблицу
5. INSERT заказ
6. UPDATE запись
7. UPDATE несколько записей
0. Выход

2 | Anna | anna@example.com | 22 | Rotterdam

Доступные таблицы: users, orders, order_items, products

1. SELECT ALL
2. SELECT WHERE
3. SELECT WHERE (несколько условий)
4. INSERT в таблицу
5. INSERT заказ
6. UPDATE запись
7. UPDATE несколько записей
0. Выход

1 | Katya | katya@example.com | 25 | Amsterdam
2 | Anna | anna@example.com | 22 | Rotterdam
3 | Maria | maria@example.com | 30 | Utrecht
4 | Ivan | ivan@example.com | 28 | Haarlem
5 | Olga | olga@example.com | 35 | Groningen
6 | Peter | peter@example.com | 27 | Eindhoven
7 | Lena | lena@example.com | 24 | Leiden
8 | John | john@example.com | 32 | Maastricht

Доступные таблицы: users, orders, order_items, products

1. SELECT ALL
2. SELECT WHERE
3. SELECT WHERE (несколько условий)
4. INSERT в таблицу
5. INSERT заказ
6. UPDATE запись
7. UPDATE несколько записей
0. Выход

Обновлено строк: 1

Доступные таблицы: users, orders, order_items, products

1. SELECT ALL
2. SELECT WHERE
3. SELECT WHERE (несколько условий)
4. INSERT в таблицу
5. INSERT заказ
6. UPDATE запись
7. UPDATE несколько записей
0. Выход

2 | Anna | anna@example.com | 22 | Rotterdam

Доступные таблицы: users, orders, order_items, products

1. SELECT ALL
2. SELECT WHERE
3. SELECT WHERE (несколько условий)
4. INSERT в таблицу
5. INSERT заказ
6. UPDATE запись
7. UPDATE несколько записей
0. Выход

2 | Anna | anna@example.com | 22 | Rotterdam
3 | Maria | maria@example.com | 30 | Utrecht
4 | Ivan | ivan@example.com | 28 | Haarlem
5 | Olga | olga@example.com | 35 | Groningen
6 | Peter | peter@example.com | 27 | Eindhoven
7 | Lena | lena@example.com | 24 | Leiden
8 | John | john@example.com | 32 | Maastricht
1 | Katya | katya@example.com | 25 | Amsterdam

Доступные таблицы: users, orders, order_items, products

1. SELECT ALL
2. SELECT WHERE
3. SELECT WHERE (несколько условий)
4. INSERT в таблицу
5. INSERT заказ
6. UPDATE запись
7. UPDATE несколько записей
0. Выход

Обновлено строк: 1

Доступные таблицы: users, orders, order_items, products

1. SELECT ALL
2. SELECT WHERE
3. SELECT WHERE (несколько условий)
4. INSERT в таблицу
5. INSERT заказ
6. UPDATE запись
7. UPDATE несколько записей
0. Выход

2 | Anna | anna@example.com | 22 | Rotterdam
3 | Maria | maria@example.com | 30 | Utrecht
4 | Ivan | ivan@example.com | 28 | Haarlem
5 | Olga | olga@example.com | 35 | Groningen
6 | Peter | peter@example.com | 27 | Eindhoven
7 | Lena | lena@example.com | 24 | Leiden
8 | John | john@example.com | 32 | Maastricht
1 | Katya | katya@example.com | 25 | Rotterdam

Доступные таблицы: users, orders, order_items, products

1. SELECT ALL
2. SELECT WHERE
3. SELECT WHERE (несколько условий)
4. INSERT в таблицу
5. INSERT заказ
6. UPDATE запись
7. UPDATE несколько записей
0. Выход

2 | Anna | anna@example.com | 22 | Rotterdam
1 | Katya | katya@example.com | 25 | Rotterdam

Доступные таблицы: users, orders, order_items, products

1. SELECT ALL
2. SELECT WHERE
3. SELECT WHERE (несколько условий)
4. INSERT в таблицу
5. INSERT заказ
6. UPDATE запись
7. UPDATE несколько записей
0. Выход

Неверный логин или пароль
Подключение к БД успешно

Доступные таблицы: users, orders, order_items, products

1. SELECT
2. INSERT в таблицу
3. INSERT заказ
4. UPDATE
0. Выход

Ошибка выполнения SELECT

Доступные таблицы: users, orders, order_items, products

1. SELECT
2. INSERT в таблицу
3. INSERT заказ
4. UPDATE
0. Выход

1 | Katya | katya@example.com | 25 | Amsterdam
2 | Anna | anna@example.com | 22 | Rotterdam
3 | Maria | maria@example.com | 30 | Utrecht
4 | Ivan | ivan@example.com | 28 | Haarlem
5 | Olga | olga@example.com | 35 | Groningen
6 | Peter | peter@example.com | 27 | Eindhoven
7 | Lena | lena@example.com | 24 | Leiden
8 | John | john@example.com | 32 | Maastricht

Доступные таблицы: users, orders, order_items, products

1. SELECT
2. INSERT в таблицу
3. INSERT заказ
4. UPDATE
0. Выход

Ошибка подключения к базе данных
Подключение к БД успешно

Доступные таблицы: users, orders, order_items, products

1. SELECT
2. INSERT в таблицу
3. INSERT заказ
4. UPDATE
0. Выход

Неверный выбор

Доступные таблицы: users, orders, order_items, products

1. SELECT
2. INSERT в таблицу
3. INSERT заказ
4. UPDATE
0. Выход

1 | Katya | katya@example.com | 25 | Amsterdam
2 | Anna | anna@example.com | 22 | Rotterdam
3 | Maria | maria@example.com | 30 | Utrecht
4 | Ivan | ivan@example.com | 28 | Haarlem
5 | Olga | olga@example.com | 35 | Groningen
6 | Peter | peter@example.com | 27 | Eindhoven
7 | Lena | lena@example.com | 24 | Leiden
8 | John | john@example.com | 32 | Maastricht

Доступные таблицы: users, orders, order_items, products

1. SELECT
2. INSERT в таблицу
3. INSERT заказ
4. UPDATE
0. Выход

2 | Anna | anna@example.com | 22 | Rotterdam

Доступные таблицы: users, orders, order_items, products

1. SELECT
2. INSERT в таблицу
3. INSERT заказ
4. UPDATE
0. Выход

2 | Anna | anna@example.com | 22 | Rotterdam

Доступные таблицы: users, orders, order_items, products

1. SELECT
2. INSERT в таблицу
3. INSERT заказ
4. UPDATE
0. Выход

Обновлено строк: 1

Доступные таблицы: users, orders, order_items, products

1. SELECT
2. INSERT в таблицу
3. INSERT заказ
4. UPDATE
0. Выход

2 | Anna | anna@example.com | 22 | Rotterdam
3 | Maria | maria@example.com | 30 | Utrecht
4 | Ivan | ivan@example.com | 28 | Haarlem
5 | Olga | olga@example.com | 35 | Groningen
6 | Peter | peter@example.com | 27 | Eindhoven
7 | Lena | lena@example.com | 24 | Leiden
8 | John | john@example.com | 32 | Maastricht
1 | Katya | katya@example.com | 25 | Rotterdam

Доступные таблицы: users, orders, order_items, products

1. SELECT
2. INSERT в таблицу
3. INSERT заказ
4. UPDATE
0. Выход

2 | Anna | anna@example.com | 22 | Rotterdam
1 | Katya | katya@example.com | 25 | Rotterdam

Доступные таблицы: users, orders, order_items, products

1. SELECT
2. INSERT в таблицу
3. INSERT заказ
4. UPDATE
0. Выход

2 | Anna | anna@example.com | 22 | Rotterdam

Доступные таблицы: users, orders, order_items, products

1. SELECT
2. INSERT в таблицу
3. INSERT заказ
4. UPDATE
0. Выход

Неверный выбор

Доступные таблицы: users, orders, order_items, products

1. SELECT
2. INSERT в таблицу
3. INSERT заказ
4. UPDATE
0. Выход

Ошибка обновления

Доступные таблицы: users, orders, order_items, products

1. SELECT
2. INSERT в таблицу
3. INSERT заказ
4. UPDATE
0. Выход

Ошибка выполнения SELECT

Доступные таблицы: users, orders, order_items, products

1. SELECT
2. INSERT в таблицу
3. INSERT заказ
4. UPDATE
0. Выход

Обновлено строк: 3

Доступные таблицы: users, orders, order_items, products

1. SELECT
2. INSERT в таблицу
3. INSERT заказ
4. UPDATE
0. Выход

5 | Olga | olga@example.com | 35 | Groningen
6 | Peter | peter@example.com | 27 | Eindhoven
7 | Lena | lena@example.com | 24 | Leiden
8 | John | john@example.com | 32 | Maastricht
1 | Katya | katya@example.com | 25 | Rotterdam
2 | Anna | anna@example.com | 22 | Utrecht
3 | Maria | maria@example.com | 30 | Utrecht
4 | Ivan | ivan@example.com | 28 | Utrecht

Доступные таблицы: users, orders, order_items, products

1. SELECT
2. INSERT в таблицу
3. INSERT заказ
4. UPDATE
0. Выход

Добавлено строк: 1

Доступные таблицы: users, orders, order_items, products

1. SELECT
2. INSERT в таблицу
3. INSERT заказ
4. UPDATE
0. Выход


Товар #1

Товар #2
Заказ создан, id=9

Доступные таблицы: users, orders, order_items, products

1. SELECT
2. INSERT в таблицу
3. INSERT заказ
4. UPDATE
0. Выход

1 | 1 | 1 | 2 | 500
2 | 1 | 4 | 1 | 150
3 | 2 | 2 | 1 | 1500
4 | 2 | 5 | 2 | 250
5 | 3 | 3 | 1 | 800
6 | 3 | 1 | 1 | 500
7 | 4 | 4 | 3 | 150
8 | 5 | 2 | 2 | 1500
9 | 5 | 5 | 1 | 250
10 | 6 | 6 | 2 | 80
11 | 6 | 7 | 1 | 120
12 | 7 | 8 | 3 | 25
13 | 8 | 1 | 1 | 500
14 | 8 | 3 | 2 | 800
15 | 9 | 1 | 2 | 500
16 | 9 | 2 | 1 | 1500

Доступные таблицы: users, orders, order_items, products

1. SELECT
2. INSERT в таблицу
3. INSERT заказ
4. UPDATE
0. Выход

Добавлено строк: 3

Доступные таблицы: users, orders, order_items, products

1. SELECT
2. INSERT в таблицу
3. INSERT заказ
4. UPDATE
0. Выход

1 | Phone | 500 | Electronics | 50
2 | Laptop | 1500 | Electronics | 20
3 | Tablet | 800 | Electronics | 30
4 | Headphones | 150 | Electronics | 100
5 | Smartwatch | 250 | Electronics | 75
6 | Backpack | 80 | Accessories | 200
7 | Shoes | 120 | Clothing | 150
8 | T-shirt | 25 | Clothing | 300
9 | test1 | 100 | t | 5
10 | test2 | 200 | p | 2
11 | test3 | 300 | r | 3

Доступные таблицы: users, orders, order_items, products

1. SELECT
2. INSERT в таблицу
3. INSERT заказ
4. UPDATE
0. Выход

